MPASM  5.51                         PRAC5.ASM   4-27-2023  17:42:27         PAGE  1


LOC  OBJECT CODE     LINE SOURCE TEXT
  VALUE

Warning[205]: Found directive in column 1. (LIST)
                      00001 LIST p=16F877 ;Tipo de procesador
                      00002 
Warning[205]: Found directive in column 1. (INCLUDE)
                      00003 INCLUDE <P16F877.INC> ;Librerias
                      00001         LIST
                      00002 
                      00003 ;==========================================================================
                      00004 ;  MPASM PIC16F877 processor include
                      00005 ; 
                      00006 ;  (c) Copyright 1999-2013 Microchip Technology, All rights reserved
                      00007 ;==========================================================================
                      00008 
Message[301]: MESSAGE: (Processor-header file mismatch.  Verify selected processor.)
                      00540         LIST
Warning[205]: Found directive in column 1. (ORG)
0000                  00004 ORG 0x00 ;Inicio de programa
                      00005 
0000   1283           00006         BCF STATUS,RP0 ; Accede a banco 0
0001   1303           00007         BCF STATUS,RP1 
                      00008                 
0002   0188           00009         CLRF PORTD ; Limpia PORTD
0003   0186           00010         CLRF PORTB
                      00011 
0004   1683           00012         BSF STATUS,RP0 ; Accede a banco 1
                      00013 
0005   30F0           00014         MOVLW   b'11110000'
Message[302]: Register in operand not in bank 0.  Ensure that bank bits are correct.
0006   0086           00015         MOVWF TRISB
0007   3000           00016         MOVLW   b'00000000'
Message[302]: Register in operand not in bank 0.  Ensure that bank bits are correct.
0008   0088           00017         MOVWF TRISD
                      00018 
0009   1283           00019         BCF STATUS,RP0 ; Regresa a banco 0
                      00020 
000A                  00021 CICLO
                      00022         ;-----------------------------------------------------------------------------------------------
                            -----------------
                      00023         ;FILA 1
                      00024         ;-----------------------------------------------------------------------------------------------
                            -----------------
000A   0186           00025         CLRF PORTB ;FILA 1
000B   1406           00026         BSF PORTB,0
                      00027 
000C   1A06           00028         BTFSC PORTB,4 
000D   2824           00029         GOTO SIETE
                      00030         
000E   1A86           00031         BTFSC PORTB,5 
000F   2828           00032         GOTO OCHO
                      00033         
0010   1B06           00034         BTFSC PORTB,6
0011   282C           00035         GOTO NUEVE
                      00036         ;-----------------------------------------------------------------------------------------------
MPASM  5.51                         PRAC5.ASM   4-27-2023  17:42:27         PAGE  2


LOC  OBJECT CODE     LINE SOURCE TEXT
  VALUE

                            -----------------
                      00037         ;FILA 2
                      00038         ;-----------------------------------------------------------------------------------------------
                            -----------------
0012   0186           00039         CLRF PORTB
0013   1486           00040         BSF PORTB,1 ;FILA 2
                      00041 
0014   1A06           00042         BTFSC PORTB,4 
0015   2830           00043         GOTO CUATRO
                      00044         
0016   1A86           00045         BTFSC PORTB,5 
0017   2834           00046         GOTO CINCO
                      00047 
0018   1B06           00048         BTFSC PORTB,6
0019   2838           00049         GOTO SEIS
001A   0186           00050         CLRF PORTB
                      00051         ;-----------------------------------------------------------------------------------------------
                            -----------------
                      00052         ;FILA 3
                      00053         ;-----------------------------------------------------------------------------------------------
                            -----------------
001B   0186           00054         CLRF PORTB 
001C   1506           00055         BSF PORTB,2 ;FILA 3
                      00056 
001D   1A06           00057         BTFSC PORTB,4 
001E   283C           00058         GOTO UNO
                      00059         
001F   1A86           00060         BTFSC PORTB,5 
0020   2840           00061         GOTO DOS
                      00062 
0021   1B06           00063         BTFSC PORTB,6
0022   2844           00064         GOTO TRES
                      00065         ;-----------------------------------------------------------------------------------------------
                            -----------------
                      00066         ;FILA 4
                      00067         ;-----------------------------------------------------------------------------------------------
                            -----------------
                      00068 
0023   280A           00069         GOTO CICLO 
                      00070 
                      00071         ;-----------------------------------------------------------------------------------------------
                            -----------------
                      00072         ;NUMEROS
                      00073         ;-----------------------------------------------------------------------------------------------
                            -----------------
                      00074 
Warning[207]: Found label after column 1. (SIETE)
0024                  00075         SIETE
0024   3007           00076         MOVLW 07h
0025   2048           00077         CALL TABLA
0026   0088           00078         MOVWF PORTD
0027   280A           00079         GOTO CICLO 
                      00080 
MPASM  5.51                         PRAC5.ASM   4-27-2023  17:42:27         PAGE  3


LOC  OBJECT CODE     LINE SOURCE TEXT
  VALUE

                      00081 
Warning[207]: Found label after column 1. (OCHO)
0028                  00082         OCHO
0028   3008           00083         MOVLW 08h
0029   2048           00084         CALL TABLA
002A   0088           00085         MOVWF PORTD
002B   280A           00086         GOTO CICLO 
                      00087 
                      00088 
Warning[207]: Found label after column 1. (NUEVE)
002C                  00089         NUEVE
002C   3009           00090         MOVLW 09h
002D   2048           00091         CALL TABLA
002E   0088           00092         MOVWF PORTD
002F   280A           00093         GOTO CICLO 
                      00094 
                      00095         ;-----------------------------------------------------------------------------------------------
                            -----------------
                      00096         ;FILA 2
                      00097         ;-----------------------------------------------------------------------------------------------
                            -----------------
                      00098 
Warning[207]: Found label after column 1. (CUATRO)
0030                  00099         CUATRO
0030   3004           00100         MOVLW 04h
0031   2048           00101         CALL TABLA
0032   0088           00102         MOVWF PORTD
0033   280A           00103         GOTO CICLO 
                      00104 
                      00105 
Warning[207]: Found label after column 1. (CINCO)
0034                  00106         CINCO
0034   3005           00107         MOVLW 05h
0035   2048           00108         CALL TABLA
0036   0088           00109         MOVWF PORTD
0037   280A           00110         GOTO CICLO 
                      00111 
                      00112 
                      00113 
Warning[207]: Found label after column 1. (SEIS)
0038                  00114         SEIS
0038   3006           00115         MOVLW 06h
0039   2048           00116         CALL TABLA
003A   0088           00117         MOVWF PORTD
003B   280A           00118         GOTO CICLO 
                      00119         
                      00120         ;-----------------------------------------------------------------------------------------------
                            -----------------
                      00121         ;FILA 3
                      00122         ;-----------------------------------------------------------------------------------------------
                            -----------------
                      00123 
Warning[207]: Found label after column 1. (UNO)
MPASM  5.51                         PRAC5.ASM   4-27-2023  17:42:27         PAGE  4


LOC  OBJECT CODE     LINE SOURCE TEXT
  VALUE

003C                  00124         UNO
003C   3001           00125         MOVLW 01h
003D   2048           00126         CALL TABLA
003E   0088           00127         MOVWF PORTD
003F   280A           00128         GOTO CICLO 
                      00129 
                      00130 
Warning[207]: Found label after column 1. (DOS)
0040                  00131         DOS
0040   3002           00132         MOVLW 02h
0041   2048           00133         CALL TABLA
0042   0088           00134         MOVWF PORTD
0043   280A           00135         GOTO CICLO 
                      00136 
                      00137 
                      00138 
Warning[207]: Found label after column 1. (TRES)
0044                  00139         TRES
0044   3003           00140         MOVLW 03h
0045   2048           00141         CALL TABLA
0046   0088           00142         MOVWF PORTD
0047   280A           00143         GOTO CICLO 
                      00144         
                      00145         ;-----------------------------------------------------------------------------------------------
                            -----------------
                      00146         ;FILA 3
                      00147         ;-----------------------------------------------------------------------------------------------
                            -----------------
                      00148 
                      00149 
0048                  00150 TABLA 
Warning[203]: Found opcode in column 1. (ADDWF)
0048   0782           00151 ADDWF PCL,F
0049   343F           00152         RETLW   b'00111111' ;Numero 0
004A   3406           00153         RETLW   b'00000110' ;Numero 1
004B   34DB           00154         RETLW   b'11011011' ;Numero 2
004C   344F           00155         RETLW   b'01001111' ;Numero 3
004D   3466           00156         RETLW   b'01100110' ;Numero 4
004E   346D           00157         RETLW   b'01101101' ;Numero 5
004F   347D           00158         RETLW   b'01111101' ;Numero 6
0050   3407           00159         RETLW   b'00000111' ;Numero 7
0051   347F           00160         RETLW   b'01111111' ;Numero 8
0052   3467           00161         RETLW   b'01100111' ;Numero 9
                      00162  
Warning[205]: Found directive in column 1. (END)
                      00163 END ; Fin de programa
MPASM  5.51                         PRAC5.ASM   4-27-2023  17:42:27         PAGE  5


SYMBOL TABLE
  LABEL                             VALUE 

ACKDT                             00000005
ACKEN                             00000004
ACKSTAT                           00000006
ADCON0                            0000001F
ADCON1                            0000009F
ADCS0                             00000006
ADCS1                             00000007
ADDEN                             00000003
ADFM                              00000007
ADIE                              00000006
ADIF                              00000006
ADON                              00000000
ADRESH                            0000001E
ADRESL                            0000009E
BCLIE                             00000003
BCLIF                             00000003
BF                                00000000
BRGH                              00000002
C                                 00000000
CCP1CON                           00000017
CCP1IE                            00000002
CCP1IF                            00000002
CCP1M0                            00000000
CCP1M1                            00000001
CCP1M2                            00000002
CCP1M3                            00000003
CCP1X                             00000005
CCP1Y                             00000004
CCP2CON                           0000001D
CCP2IE                            00000000
CCP2IF                            00000000
CCP2M0                            00000000
CCP2M1                            00000001
CCP2M2                            00000002
CCP2M3                            00000003
CCP2X                             00000005
CCP2Y                             00000004
CCPR1                             00000015
CCPR1H                            00000016
CCPR1L                            00000015
CCPR2                             0000001B
CCPR2H                            0000001C
CCPR2L                            0000001B
CHS0                              00000003
CHS1                              00000004
CHS2                              00000005
CICLO                             0000000A
CINCO                             00000034
CKE                               00000006
CKP                               00000004
CREN                              00000004
CSRC                              00000007
CUATRO                            00000030
MPASM  5.51                         PRAC5.ASM   4-27-2023  17:42:27         PAGE  6


SYMBOL TABLE
  LABEL                             VALUE 

D                                 00000005
DATA_ADDRESS                      00000005
DC                                00000001
DOS                               00000040
D_A                               00000005
D_NOT_A                           00000005
EEADR                             0000010D
EEADRH                            0000010F
EECON1                            0000018C
EECON2                            0000018D
EEDATA                            0000010C
EEDATH                            0000010E
EEIE                              00000004
EEIF                              00000004
EEPGD                             00000007
F                                 00000001
FERR                              00000002
FSR                               00000004
GCEN                              00000007
GIE                               00000007
GO                                00000002
GO_DONE                           00000002
GO_NOT_DONE                       00000002
I2C_DATA                          00000005
I2C_READ                          00000002
I2C_START                         00000003
I2C_STOP                          00000004
IBF                               00000007
IBOV                              00000005
INDF                              00000000
INTCON                            0000000B
INTE                              00000004
INTEDG                            00000006
INTF                              00000001
IRP                               00000007
NOT_A                             00000005
NOT_ADDRESS                       00000005
NOT_BO                            00000000
NOT_BOR                           00000000
NOT_DONE                          00000002
NOT_PD                            00000003
NOT_POR                           00000001
NOT_RBPU                          00000007
NOT_RC8                           00000006
NOT_T1SYNC                        00000002
NOT_TO                            00000004
NOT_TX8                           00000006
NOT_W                             00000002
NOT_WRITE                         00000002
NUEVE                             0000002C
OBF                               00000006
OCHO                              00000028
OERR                              00000001
MPASM  5.51                         PRAC5.ASM   4-27-2023  17:42:27         PAGE  7


SYMBOL TABLE
  LABEL                             VALUE 

OPTION_REG                        00000081
P                                 00000004
PCFG0                             00000000
PCFG1                             00000001
PCFG2                             00000002
PCFG3                             00000003
PCL                               00000002
PCLATH                            0000000A
PCON                              0000008E
PEIE                              00000006
PEN                               00000002
PIE1                              0000008C
PIE2                              0000008D
PIR1                              0000000C
PIR2                              0000000D
PORTA                             00000005
PORTB                             00000006
PORTC                             00000007
PORTD                             00000008
PORTE                             00000009
PR2                               00000092
PS0                               00000000
PS1                               00000001
PS2                               00000002
PSA                               00000003
PSPIE                             00000007
PSPIF                             00000007
PSPMODE                           00000004
R                                 00000002
RA0                               00000000
RA1                               00000001
RA2                               00000002
RA3                               00000003
RA4                               00000004
RA5                               00000005
RB0                               00000000
RB1                               00000001
RB2                               00000002
RB3                               00000003
RB4                               00000004
RB5                               00000005
RB6                               00000006
RB7                               00000007
RBIE                              00000003
RBIF                              00000000
RC0                               00000000
RC1                               00000001
RC2                               00000002
RC3                               00000003
RC4                               00000004
RC5                               00000005
RC6                               00000006
RC7                               00000007
MPASM  5.51                         PRAC5.ASM   4-27-2023  17:42:27         PAGE  8


SYMBOL TABLE
  LABEL                             VALUE 

RC8_9                             00000006
RC9                               00000006
RCD8                              00000000
RCEN                              00000003
RCIE                              00000005
RCIF                              00000005
RCREG                             0000001A
RCSTA                             00000018
RD                                00000000
RD0                               00000000
RD1                               00000001
RD2                               00000002
RD3                               00000003
RD4                               00000004
RD5                               00000005
RD6                               00000006
RD7                               00000007
RE0                               00000000
RE1                               00000001
RE2                               00000002
READ_WRITE                        00000002
RP0                               00000005
RP1                               00000006
RSEN                              00000001
RX9                               00000006
RX9D                              00000000
R_NOT_W                           00000002
R_W                               00000002
S                                 00000003
SEIS                              00000038
SEN                               00000000
SIETE                             00000024
SMP                               00000007
SPBRG                             00000099
SPEN                              00000007
SREN                              00000005
SSPADD                            00000093
SSPBUF                            00000013
SSPCON                            00000014
SSPCON2                           00000091
SSPEN                             00000005
SSPIE                             00000003
SSPIF                             00000003
SSPM0                             00000000
SSPM1                             00000001
SSPM2                             00000002
SSPM3                             00000003
SSPOV                             00000006
SSPSTAT                           00000094
STATUS                            00000003
SYNC                              00000004
T0CS                              00000005
T0IE                              00000005
MPASM  5.51                         PRAC5.ASM   4-27-2023  17:42:27         PAGE  9


SYMBOL TABLE
  LABEL                             VALUE 

T0IF                              00000002
T0SE                              00000004
T1CKPS0                           00000004
T1CKPS1                           00000005
T1CON                             00000010
T1INSYNC                          00000002
T1OSCEN                           00000003
T1SYNC                            00000002
T2CKPS0                           00000000
T2CKPS1                           00000001
T2CON                             00000012
TABLA                             00000048
TMR0                              00000001
TMR0IE                            00000005
TMR0IF                            00000002
TMR1                              0000000E
TMR1CS                            00000001
TMR1H                             0000000F
TMR1IE                            00000000
TMR1IF                            00000000
TMR1L                             0000000E
TMR1ON                            00000000
TMR2                              00000011
TMR2IE                            00000001
TMR2IF                            00000001
TMR2ON                            00000002
TOUTPS0                           00000003
TOUTPS1                           00000004
TOUTPS2                           00000005
TOUTPS3                           00000006
TRES                              00000044
TRISA                             00000085
TRISA0                            00000000
TRISA1                            00000001
TRISA2                            00000002
TRISA3                            00000003
TRISA4                            00000004
TRISA5                            00000005
TRISB                             00000086
TRISB0                            00000000
TRISB1                            00000001
TRISB2                            00000002
TRISB3                            00000003
TRISB4                            00000004
TRISB5                            00000005
TRISB6                            00000006
TRISB7                            00000007
TRISC                             00000087
TRISC0                            00000000
TRISC1                            00000001
TRISC2                            00000002
TRISC3                            00000003
TRISC4                            00000004
MPASM  5.51                         PRAC5.ASM   4-27-2023  17:42:27         PAGE 10


SYMBOL TABLE
  LABEL                             VALUE 

TRISC5                            00000005
TRISC6                            00000006
TRISC7                            00000007
TRISD                             00000088
TRISD0                            00000000
TRISD1                            00000001
TRISD2                            00000002
TRISD3                            00000003
TRISD4                            00000004
TRISD5                            00000005
TRISD6                            00000006
TRISD7                            00000007
TRISE                             00000089
TRISE0                            00000000
TRISE1                            00000001
TRISE2                            00000002
TRMT                              00000001
TX8_9                             00000006
TX9                               00000006
TX9D                              00000000
TXD8                              00000000
TXEN                              00000005
TXIE                              00000004
TXIF                              00000004
TXREG                             00000019
TXSTA                             00000098
UA                                00000001
UNO                               0000003C
W                                 00000000
WCOL                              00000007
WR                                00000001
WREN                              00000002
WRERR                             00000003
Z                                 00000002
_BODEN_OFF                        00003FBF
_BODEN_ON                         00003FFF
_BOREN_OFF                        00003FBF
_BOREN_ON                         00003FFF
_CONFIG                           00002007
_CPD_OFF                          00003FFF
_CPD_ON                           00003EFF
_CP_ALL                           00000FCF
_CP_HALF                          00001FDF
_CP_OFF                           00003FFF
_CP_UPPER_256                     00002FEF
_DEBUG_OFF                        00003FFF
_DEBUG_ON                         000037FF
_DEVID1                           00002006
_FOSC_EXTRC                       00003FFF
_FOSC_HS                          00003FFE
_FOSC_LP                          00003FFC
_FOSC_XT                          00003FFD
_HS_OSC                           00003FFE
MPASM  5.51                         PRAC5.ASM   4-27-2023  17:42:27         PAGE 11


SYMBOL TABLE
  LABEL                             VALUE 

_IDLOC0                           00002000
_IDLOC1                           00002001
_IDLOC2                           00002002
_IDLOC3                           00002003
_LP_OSC                           00003FFC
_LVP_OFF                          00003F7F
_LVP_ON                           00003FFF
_PWRTE_OFF                        00003FFF
_PWRTE_ON                         00003FF7
_RC_OSC                           00003FFF
_WDTE_OFF                         00003FFB
_WDTE_ON                          00003FFF
_WDT_OFF                          00003FFB
_WDT_ON                           00003FFF
_WRT_ENABLE_OFF                   00003DFF
_WRT_ENABLE_ON                    00003FFF
_WRT_OFF                          00003DFF
_WRT_ON                           00003FFF
_XT_OSC                           00003FFD
__16F877A                         00000001


MEMORY USAGE MAP ('X' = Used,  '-' = Unused)

0000 : XXXXXXXXXXXXXXXX XXXXXXXXXXXXXXXX XXXXXXXXXXXXXXXX XXXXXXXXXXXXXXXX
0040 : XXXXXXXXXXXXXXXX XXX------------- ---------------- ----------------

All other memory blocks unused.

Program Memory Words Used:    83
Program Memory Words Free:  8109


Errors   :     0
Warnings :    14 reported,     0 suppressed
Messages :     3 reported,     0 suppressed

