MPLINK 4.49, Linker
Linker Map File - Created Thu May 04 17:33:38 2023

                                 Section Info
                  Section       Type    Address   Location Size(Bytes)
                ---------  ---------  ---------  ---------  ---------
                   .org_0       code   0x000000    program   0x000000
                   .org_1       code   0x000000    program   0x0000b6



                              Program Memory Usage 
                               Start         End      
                           ---------   ---------      
                            0x000000    0x00005a      
            91 out of 8454 program addresses used, program memory utilization is 1%



                              Symbols - Sorted by Name
                     Name    Address   Location    Storage File                     
                ---------  ---------  ---------  --------- ---------                
                     CERO   0x00004c    program     static C:\Users\ESTUDIANTE66\Documents\Valenzuela_A\Practica5\Prac5.asm
                    CICLO   0x00000a    program     static C:\Users\ESTUDIANTE66\Documents\Valenzuela_A\Practica5\Prac5.asm
                    CINCO   0x000038    program     static C:\Users\ESTUDIANTE66\Documents\Valenzuela_A\Practica5\Prac5.asm
                   CUATRO   0x000034    program     static C:\Users\ESTUDIANTE66\Documents\Valenzuela_A\Practica5\Prac5.asm
                      DOS   0x000044    program     static C:\Users\ESTUDIANTE66\Documents\Valenzuela_A\Practica5\Prac5.asm
                    NUEVE   0x000030    program     static C:\Users\ESTUDIANTE66\Documents\Valenzuela_A\Practica5\Prac5.asm
                     OCHO   0x00002c    program     static C:\Users\ESTUDIANTE66\Documents\Valenzuela_A\Practica5\Prac5.asm
                     SEIS   0x00003c    program     static C:\Users\ESTUDIANTE66\Documents\Valenzuela_A\Practica5\Prac5.asm
                    SIETE   0x000028    program     static C:\Users\ESTUDIANTE66\Documents\Valenzuela_A\Practica5\Prac5.asm
                    TABLA   0x000050    program     static C:\Users\ESTUDIANTE66\Documents\Valenzuela_A\Practica5\Prac5.asm
                     TRES   0x000048    program     static C:\Users\ESTUDIANTE66\Documents\Valenzuela_A\Practica5\Prac5.asm
                      UNO   0x000040    program     static C:\Users\ESTUDIANTE66\Documents\Valenzuela_A\Practica5\Prac5.asm



                              Symbols - Sorted by Address
                     Name    Address   Location    Storage File                     
                ---------  ---------  ---------  --------- ---------                
                    CICLO   0x00000a    program     static C:\Users\ESTUDIANTE66\Documents\Valenzuela_A\Practica5\Prac5.asm
                    SIETE   0x000028    program     static C:\Users\ESTUDIANTE66\Documents\Valenzuela_A\Practica5\Prac5.asm
                     OCHO   0x00002c    program     static C:\Users\ESTUDIANTE66\Documents\Valenzuela_A\Practica5\Prac5.asm
                    NUEVE   0x000030    program     static C:\Users\ESTUDIANTE66\Documents\Valenzuela_A\Practica5\Prac5.asm
                   CUATRO   0x000034    program     static C:\Users\ESTUDIANTE66\Documents\Valenzuela_A\Practica5\Prac5.asm
                    CINCO   0x000038    program     static C:\Users\ESTUDIANTE66\Documents\Valenzuela_A\Practica5\Prac5.asm
                     SEIS   0x00003c    program     static C:\Users\ESTUDIANTE66\Documents\Valenzuela_A\Practica5\Prac5.asm
                      UNO   0x000040    program     static C:\Users\ESTUDIANTE66\Documents\Valenzuela_A\Practica5\Prac5.asm
                      DOS   0x000044    program     static C:\Users\ESTUDIANTE66\Documents\Valenzuela_A\Practica5\Prac5.asm
                     TRES   0x000048    program     static C:\Users\ESTUDIANTE66\Documents\Valenzuela_A\Practica5\Prac5.asm
                     CERO   0x00004c    program     static C:\Users\ESTUDIANTE66\Documents\Valenzuela_A\Practica5\Prac5.asm
                    TABLA   0x000050    program     static C:\Users\ESTUDIANTE66\Documents\Valenzuela_A\Practica5\Prac5.asm


