MPASM  5.51                         PRAC5.ASM   5-4-2023  17:55:50         PAGE  1


LOC  OBJECT CODE     LINE SOURCE TEXT
  VALUE

Warning[205]: Found directive in column 1. (LIST)
                      00001 LIST p=16F877 ;Tipo de procesador
                      00002 
Warning[205]: Found directive in column 1. (INCLUDE)
                      00003 INCLUDE <P16F877.INC> ;Librerias
                      00001         LIST
                      00002 
                      00003 ;==========================================================================
                      00004 ;  MPASM PIC16F877 processor include
                      00005 ; 
                      00006 ;  (c) Copyright 1999-2013 Microchip Technology, All rights reserved
                      00007 ;==========================================================================
                      00008 
Message[301]: MESSAGE: (Processor-header file mismatch.  Verify selected processor.)
                      00540         LIST
Warning[205]: Found directive in column 1. (ORG)
0000                  00004 ORG 0x00 ;Inicio de programa
                      00005 
Warning[207]: Found label after column 1. (DATO1)
  00000020            00006         DATO1 EQU 0X20
Warning[207]: Found label after column 1. (DATO2)
  00000021            00007         DATO2 EQU 0X21
Warning[207]: Found label after column 1. (OPERACION)
  00000022            00008         OPERACION EQU 0X22
                      00009 
                      00010         
0000   1283           00011         BCF STATUS,RP0 ; Accede a banco 0
0001   1303           00012         BCF STATUS,RP1 
                      00013                 
0002   0188           00014         CLRF PORTD ; Limpia PORTD
0003   0186           00015         CLRF PORTB
                      00016 
0004   1683           00017         BSF STATUS,RP0 ; Accede a banco 1
                      00018 
0005   30F0           00019         MOVLW   b'11110000'
Message[302]: Register in operand not in bank 0.  Ensure that bank bits are correct.
0006   0086           00020         MOVWF TRISB
0007   3000           00021         MOVLW   b'00000000'
Message[302]: Register in operand not in bank 0.  Ensure that bank bits are correct.
0008   0088           00022         MOVWF TRISD
                      00023 
0009   1283           00024         BCF STATUS,RP0 ; Regresa a banco 0
                      00025 
000A                  00026 CICLO
                      00027         ;-----------------------------------------------------------------------------------------------
                            -----------------
                      00028         ;FILA 0
                      00029         ;-----------------------------------------------------------------------------------------------
                            -----------------
000A   0186           00030         CLRF PORTB ;FILA 1
000B   1406           00031         BSF PORTB,0
                      00032 
000C   1A06           00033         BTFSC PORTB,4 
MPASM  5.51                         PRAC5.ASM   5-4-2023  17:55:50         PAGE  2


LOC  OBJECT CODE     LINE SOURCE TEXT
  VALUE

000D   282E           00034         GOTO SIETE
                      00035         
000E   1A86           00036         BTFSC PORTB,5 
000F   2832           00037         GOTO OCHO
                      00038         
0010   1B06           00039         BTFSC PORTB,6
0011   2836           00040         GOTO NUEVE
                      00041 
                      00042 
                      00043         ;-----------------------------------------------------------------------------------------------
                            -----------------
                      00044         ;FILA 1
                      00045         ;-----------------------------------------------------------------------------------------------
                            -----------------
0012   0186           00046         CLRF PORTB
0013   1486           00047         BSF PORTB,1 ;FILA 2
                      00048 
0014   1A06           00049         BTFSC PORTB,4 
0015   283A           00050         GOTO CUATRO
                      00051         
0016   1A86           00052         BTFSC PORTB,5 
0017   283E           00053         GOTO CINCO
                      00054 
0018   1B06           00055         BTFSC PORTB,6
0019   2842           00056         GOTO SEIS
001A   0186           00057         CLRF PORTB
                      00058         ;-----------------------------------------------------------------------------------------------
                            -----------------
                      00059         ;FILA 2
                      00060         ;-----------------------------------------------------------------------------------------------
                            -----------------
001B   0186           00061         CLRF PORTB 
001C   1506           00062         BSF PORTB,2 ;FILA 2
                      00063 
001D   1A06           00064         BTFSC PORTB,4 
001E   2846           00065         GOTO UNO
                      00066         
001F   1A86           00067         BTFSC PORTB,5 
0020   284A           00068         GOTO DOS
                      00069 
0021   1B06           00070         BTFSC PORTB,6
0022   284E           00071         GOTO TRES
                      00072         ;-----------------------------------------------------------------------------------------------
                            -----------------
                      00073         ;FILA 3
                      00074         ;-----------------------------------------------------------------------------------------------
                            -----------------
0023   0186           00075         CLRF PORTB 
0024   1586           00076         BSF PORTB,3 ;FILA 3
                      00077 
0025   1A06           00078         BTFSC PORTB,4 
0026   2852           00079         GOTO CLR
                      00080 
MPASM  5.51                         PRAC5.ASM   5-4-2023  17:55:50         PAGE  3


LOC  OBJECT CODE     LINE SOURCE TEXT
  VALUE

0027   1A86           00081         BTFSC PORTB,5 
0028   2854           00082         GOTO CERO
                      00083         
0029   1B06           00084         BTFSC PORTB,6 
002A   2858           00085         GOTO IGUAL
                      00086 
002B   1B86           00087         BTFSC PORTB,7
002C   285F           00088         GOTO SUMA
                      00089         
                      00090 
002D   280A           00091         GOTO CICLO 
                      00092 
                      00093         ;-----------------------------------------------------------------------------------------------
                            -----------------
                      00094         ;NUMEROS
                      00095         ;-----------------------------------------------------------------------------------------------
                            -----------------
                      00096 
Warning[207]: Found label after column 1. (SIETE)
002E                  00097         SIETE
002E   3007           00098         MOVLW 07h
002F   2061           00099         CALL TABLA
0030   0088           00100         MOVWF PORTD
0031   280A           00101         GOTO CICLO 
                      00102 
                      00103 
Warning[207]: Found label after column 1. (OCHO)
0032                  00104         OCHO
0032   3008           00105         MOVLW 08h
0033   2061           00106         CALL TABLA
0034   0088           00107         MOVWF PORTD
0035   280A           00108         GOTO CICLO 
                      00109 
                      00110 
Warning[207]: Found label after column 1. (NUEVE)
0036                  00111         NUEVE
0036   3009           00112         MOVLW 09h
0037   2061           00113         CALL TABLA
0038   0088           00114         MOVWF PORTD
0039   280A           00115         GOTO CICLO 
                      00116 
                      00117         ;-----------------------------------------------------------------------------------------------
                            -----------------
                      00118         ;FILA 1
                      00119         ;-----------------------------------------------------------------------------------------------
                            -----------------
                      00120 
Warning[207]: Found label after column 1. (CUATRO)
003A                  00121         CUATRO
003A   3004           00122         MOVLW 04h
003B   2061           00123         CALL TABLA
003C   0088           00124         MOVWF PORTD
003D   280A           00125         GOTO CICLO 
MPASM  5.51                         PRAC5.ASM   5-4-2023  17:55:50         PAGE  4


LOC  OBJECT CODE     LINE SOURCE TEXT
  VALUE

                      00126 
                      00127 
Warning[207]: Found label after column 1. (CINCO)
003E                  00128         CINCO
003E   3005           00129         MOVLW 05h
003F   2061           00130         CALL TABLA
0040   0088           00131         MOVWF PORTD
0041   280A           00132         GOTO CICLO 
                      00133 
                      00134 
                      00135 
Warning[207]: Found label after column 1. (SEIS)
0042                  00136         SEIS
0042   3006           00137         MOVLW 06h
0043   2061           00138         CALL TABLA
0044   0088           00139         MOVWF PORTD
0045   280A           00140         GOTO CICLO 
                      00141         
                      00142         ;-----------------------------------------------------------------------------------------------
                            -----------------
                      00143         ;FILA 2
                      00144         ;-----------------------------------------------------------------------------------------------
                            -----------------
                      00145 
Warning[207]: Found label after column 1. (UNO)
0046                  00146         UNO
0046   3001           00147         MOVLW 01h
0047   2061           00148         CALL TABLA
0048   0088           00149         MOVWF PORTD
0049   280A           00150         GOTO CICLO 
                      00151 
                      00152 
Warning[207]: Found label after column 1. (DOS)
004A                  00153         DOS
004A   3002           00154         MOVLW 02h
004B   2061           00155         CALL TABLA
004C   0088           00156         MOVWF PORTD
004D   280A           00157         GOTO CICLO 
                      00158 
                      00159 
                      00160 
Warning[207]: Found label after column 1. (TRES)
004E                  00161         TRES
004E   3003           00162         MOVLW 03h
004F   2061           00163         CALL TABLA
0050   0088           00164         MOVWF PORTD
0051   280A           00165         GOTO CICLO 
                      00166         
                      00167         ;-----------------------------------------------------------------------------------------------
                            -----------------
                      00168         ;FILA 3
                      00169         ;-----------------------------------------------------------------------------------------------
                            -----------------
MPASM  5.51                         PRAC5.ASM   5-4-2023  17:55:50         PAGE  5


LOC  OBJECT CODE     LINE SOURCE TEXT
  VALUE

                      00170 
Warning[207]: Found label after column 1. (CLR)
0052                  00171         CLR
0052   0188           00172         CLRF PORTD
0053   280A           00173         GOTO CICLO
                      00174 
Warning[207]: Found label after column 1. (CERO)
0054                  00175         CERO
0054   3000           00176         MOVLW 00h
0055   2061           00177         CALL TABLA
0056   0088           00178         MOVWF PORTD
0057   280A           00179         GOTO CICLO
                      00180         
Warning[207]: Found label after column 1. (IGUAL)
0058                  00181         IGUAL   
0058   0820           00182         MOVF DATO1,W
0059   0721           00183         ADDWF DATO2,W
Error[113]  : Symbol not previously defined (RESULTADO)
005A   0080           00184         MOVWF RESULTADO
Error[113]  : Symbol not previously defined (RESULTADO)
005B   0800           00185         MOVF RESULTADO,W
005C   2061           00186         CALL TABLA
005D   0088           00187         MOVWF PORTD
005E   280A           00188         GOTO CICLO
                      00189 
Warning[207]: Found label after column 1. (SUMA)
005F                  00190         SUMA
005F   1422           00191         BSF OPERACION,0
0060   280A           00192         GOTO CICLO
                      00193         
                      00194         
                      00195 
                      00196 
                      00197         
                      00198 
                      00199 
0061                  00200 TABLA 
Warning[203]: Found opcode in column 1. (ADDWF)
0061   0782           00201 ADDWF PCL,F
0062   343F           00202         RETLW   b'00111111' ;Numero 0
0063   3406           00203         RETLW   b'00000110' ;Numero 1
0064   34DB           00204         RETLW   b'11011011' ;Numero 2
0065   344F           00205         RETLW   b'01001111' ;Numero 3
0066   3466           00206         RETLW   b'01100110' ;Numero 4
0067   346D           00207         RETLW   b'01101101' ;Numero 5
0068   347D           00208         RETLW   b'01111101' ;Numero 6
0069   3407           00209         RETLW   b'00000111' ;Numero 7
006A   347F           00210         RETLW   b'01111111' ;Numero 8
006B   3467           00211         RETLW   b'01100111' ;Numero 9
                      00212  
Warning[205]: Found directive in column 1. (END)
                      00213 END ; Fin de programa
MPASM  5.51                         PRAC5.ASM   5-4-2023  17:55:50         PAGE  6


SYMBOL TABLE
  LABEL                             VALUE 

ACKDT                             00000005
ACKEN                             00000004
ACKSTAT                           00000006
ADCON0                            0000001F
ADCON1                            0000009F
ADCS0                             00000006
ADCS1                             00000007
ADDEN                             00000003
ADFM                              00000007
ADIE                              00000006
ADIF                              00000006
ADON                              00000000
ADRESH                            0000001E
ADRESL                            0000009E
BCLIE                             00000003
BCLIF                             00000003
BF                                00000000
BRGH                              00000002
C                                 00000000
CCP1CON                           00000017
CCP1IE                            00000002
CCP1IF                            00000002
CCP1M0                            00000000
CCP1M1                            00000001
CCP1M2                            00000002
CCP1M3                            00000003
CCP1X                             00000005
CCP1Y                             00000004
CCP2CON                           0000001D
CCP2IE                            00000000
CCP2IF                            00000000
CCP2M0                            00000000
CCP2M1                            00000001
CCP2M2                            00000002
CCP2M3                            00000003
CCP2X                             00000005
CCP2Y                             00000004
CCPR1                             00000015
CCPR1H                            00000016
CCPR1L                            00000015
CCPR2                             0000001B
CCPR2H                            0000001C
CCPR2L                            0000001B
CERO                              00000054
CHS0                              00000003
CHS1                              00000004
CHS2                              00000005
CICLO                             0000000A
CINCO                             0000003E
CKE                               00000006
CKP                               00000004
CLR                               00000052
CREN                              00000004
MPASM  5.51                         PRAC5.ASM   5-4-2023  17:55:50         PAGE  7


SYMBOL TABLE
  LABEL                             VALUE 

CSRC                              00000007
CUATRO                            0000003A
D                                 00000005
DATA_ADDRESS                      00000005
DATO1                             00000020
DATO2                             00000021
DC                                00000001
DOS                               0000004A
D_A                               00000005
D_NOT_A                           00000005
EEADR                             0000010D
EEADRH                            0000010F
EECON1                            0000018C
EECON2                            0000018D
EEDATA                            0000010C
EEDATH                            0000010E
EEIE                              00000004
EEIF                              00000004
EEPGD                             00000007
F                                 00000001
FERR                              00000002
FSR                               00000004
GCEN                              00000007
GIE                               00000007
GO                                00000002
GO_DONE                           00000002
GO_NOT_DONE                       00000002
I2C_DATA                          00000005
I2C_READ                          00000002
I2C_START                         00000003
I2C_STOP                          00000004
IBF                               00000007
IBOV                              00000005
IGUAL                             00000058
INDF                              00000000
INTCON                            0000000B
INTE                              00000004
INTEDG                            00000006
INTF                              00000001
IRP                               00000007
NOT_A                             00000005
NOT_ADDRESS                       00000005
NOT_BO                            00000000
NOT_BOR                           00000000
NOT_DONE                          00000002
NOT_PD                            00000003
NOT_POR                           00000001
NOT_RBPU                          00000007
NOT_RC8                           00000006
NOT_T1SYNC                        00000002
NOT_TO                            00000004
NOT_TX8                           00000006
NOT_W                             00000002
MPASM  5.51                         PRAC5.ASM   5-4-2023  17:55:50         PAGE  8


SYMBOL TABLE
  LABEL                             VALUE 

NOT_WRITE                         00000002
NUEVE                             00000036
OBF                               00000006
OCHO                              00000032
OERR                              00000001
OPERACION                         00000022
OPTION_REG                        00000081
P                                 00000004
PCFG0                             00000000
PCFG1                             00000001
PCFG2                             00000002
PCFG3                             00000003
PCL                               00000002
PCLATH                            0000000A
PCON                              0000008E
PEIE                              00000006
PEN                               00000002
PIE1                              0000008C
PIE2                              0000008D
PIR1                              0000000C
PIR2                              0000000D
PORTA                             00000005
PORTB                             00000006
PORTC                             00000007
PORTD                             00000008
PORTE                             00000009
PR2                               00000092
PS0                               00000000
PS1                               00000001
PS2                               00000002
PSA                               00000003
PSPIE                             00000007
PSPIF                             00000007
PSPMODE                           00000004
R                                 00000002
RA0                               00000000
RA1                               00000001
RA2                               00000002
RA3                               00000003
RA4                               00000004
RA5                               00000005
RB0                               00000000
RB1                               00000001
RB2                               00000002
RB3                               00000003
RB4                               00000004
RB5                               00000005
RB6                               00000006
RB7                               00000007
RBIE                              00000003
RBIF                              00000000
RC0                               00000000
RC1                               00000001
MPASM  5.51                         PRAC5.ASM   5-4-2023  17:55:50         PAGE  9


SYMBOL TABLE
  LABEL                             VALUE 

RC2                               00000002
RC3                               00000003
RC4                               00000004
RC5                               00000005
RC6                               00000006
RC7                               00000007
RC8_9                             00000006
RC9                               00000006
RCD8                              00000000
RCEN                              00000003
RCIE                              00000005
RCIF                              00000005
RCREG                             0000001A
RCSTA                             00000018
RD                                00000000
RD0                               00000000
RD1                               00000001
RD2                               00000002
RD3                               00000003
RD4                               00000004
RD5                               00000005
RD6                               00000006
RD7                               00000007
RE0                               00000000
RE1                               00000001
RE2                               00000002
READ_WRITE                        00000002
RP0                               00000005
RP1                               00000006
RSEN                              00000001
RX9                               00000006
RX9D                              00000000
R_NOT_W                           00000002
R_W                               00000002
S                                 00000003
SEIS                              00000042
SEN                               00000000
SIETE                             0000002E
SMP                               00000007
SPBRG                             00000099
SPEN                              00000007
SREN                              00000005
SSPADD                            00000093
SSPBUF                            00000013
SSPCON                            00000014
SSPCON2                           00000091
SSPEN                             00000005
SSPIE                             00000003
SSPIF                             00000003
SSPM0                             00000000
SSPM1                             00000001
SSPM2                             00000002
SSPM3                             00000003
MPASM  5.51                         PRAC5.ASM   5-4-2023  17:55:50         PAGE 10


SYMBOL TABLE
  LABEL                             VALUE 

SSPOV                             00000006
SSPSTAT                           00000094
STATUS                            00000003
SUMA                              0000005F
SYNC                              00000004
T0CS                              00000005
T0IE                              00000005
T0IF                              00000002
T0SE                              00000004
T1CKPS0                           00000004
T1CKPS1                           00000005
T1CON                             00000010
T1INSYNC                          00000002
T1OSCEN                           00000003
T1SYNC                            00000002
T2CKPS0                           00000000
T2CKPS1                           00000001
T2CON                             00000012
TABLA                             00000061
TMR0                              00000001
TMR0IE                            00000005
TMR0IF                            00000002
TMR1                              0000000E
TMR1CS                            00000001
TMR1H                             0000000F
TMR1IE                            00000000
TMR1IF                            00000000
TMR1L                             0000000E
TMR1ON                            00000000
TMR2                              00000011
TMR2IE                            00000001
TMR2IF                            00000001
TMR2ON                            00000002
TOUTPS0                           00000003
TOUTPS1                           00000004
TOUTPS2                           00000005
TOUTPS3                           00000006
TRES                              0000004E
TRISA                             00000085
TRISA0                            00000000
TRISA1                            00000001
TRISA2                            00000002
TRISA3                            00000003
TRISA4                            00000004
TRISA5                            00000005
TRISB                             00000086
TRISB0                            00000000
TRISB1                            00000001
TRISB2                            00000002
TRISB3                            00000003
TRISB4                            00000004
TRISB5                            00000005
TRISB6                            00000006
MPASM  5.51                         PRAC5.ASM   5-4-2023  17:55:50         PAGE 11


SYMBOL TABLE
  LABEL                             VALUE 

TRISB7                            00000007
TRISC                             00000087
TRISC0                            00000000
TRISC1                            00000001
TRISC2                            00000002
TRISC3                            00000003
TRISC4                            00000004
TRISC5                            00000005
TRISC6                            00000006
TRISC7                            00000007
TRISD                             00000088
TRISD0                            00000000
TRISD1                            00000001
TRISD2                            00000002
TRISD3                            00000003
TRISD4                            00000004
TRISD5                            00000005
TRISD6                            00000006
TRISD7                            00000007
TRISE                             00000089
TRISE0                            00000000
TRISE1                            00000001
TRISE2                            00000002
TRMT                              00000001
TX8_9                             00000006
TX9                               00000006
TX9D                              00000000
TXD8                              00000000
TXEN                              00000005
TXIE                              00000004
TXIF                              00000004
TXREG                             00000019
TXSTA                             00000098
UA                                00000001
UNO                               00000046
W                                 00000000
WCOL                              00000007
WR                                00000001
WREN                              00000002
WRERR                             00000003
Z                                 00000002
_BODEN_OFF                        00003FBF
_BODEN_ON                         00003FFF
_BOREN_OFF                        00003FBF
_BOREN_ON                         00003FFF
_CONFIG                           00002007
_CPD_OFF                          00003FFF
_CPD_ON                           00003EFF
_CP_ALL                           00000FCF
_CP_HALF                          00001FDF
_CP_OFF                           00003FFF
_CP_UPPER_256                     00002FEF
_DEBUG_OFF                        00003FFF
MPASM  5.51                         PRAC5.ASM   5-4-2023  17:55:50         PAGE 12


SYMBOL TABLE
  LABEL                             VALUE 

_DEBUG_ON                         000037FF
_DEVID1                           00002006
_FOSC_EXTRC                       00003FFF
_FOSC_HS                          00003FFE
_FOSC_LP                          00003FFC
_FOSC_XT                          00003FFD
_HS_OSC                           00003FFE
_IDLOC0                           00002000
_IDLOC1                           00002001
_IDLOC2                           00002002
_IDLOC3                           00002003
_LP_OSC                           00003FFC
_LVP_OFF                          00003F7F
_LVP_ON                           00003FFF
_PWRTE_OFF                        00003FFF
_PWRTE_ON                         00003FF7
_RC_OSC                           00003FFF
_WDTE_OFF                         00003FFB
_WDTE_ON                          00003FFF
_WDT_OFF                          00003FFB
_WDT_ON                           00003FFF
_WRT_ENABLE_OFF                   00003DFF
_WRT_ENABLE_ON                    00003FFF
_WRT_OFF                          00003DFF
_WRT_ON                           00003FFF
_XT_OSC                           00003FFD
__16F877A                         00000001


MEMORY USAGE MAP ('X' = Used,  '-' = Unused)

0000 : XXXXXXXXXXXXXXXX XXXXXXXXXXXXXXXX XXXXXXXXXXXXXXXX XXXXXXXXXXXXXXXX
0040 : XXXXXXXXXXXXXXXX XXXXXXXXXXXXXXXX XXXXXXXXXXXX---- ----------------

All other memory blocks unused.

Program Memory Words Used:   108
Program Memory Words Free:  8084


Errors   :     2
Warnings :    21 reported,     0 suppressed
Messages :     3 reported,     0 suppressed

